// Jest Snapshot v1, https://goo.gl/fbAQLP

exports[`Should FilmInfoReviews render correctly 1`] = `
<div
  className="movie-card__reviews movie-card__row"
>
  <div
    className="movie-card__reviews-col"
  >
    <div
      className="review"
    >
      <blockquote
        className="review__quote"
      >
        <p
          className="review__text"
        >
          This movie is just plain bad. There must be some big payola going round this awards season. Badly written, average acting at best, all the characters are unrelatable and inlikeable. 2 hours of my life wasted.
        </p>
        <footer
          className="review__details"
        >
          <cite
            className="review__author"
          >
            Jack
          </cite>
          <time
            className="review__date"
            dateTime="2016-12-24"
          >
            Sun Jun 21 2020
          </time>
        </footer>
      </blockquote>
      <div
        className="review__rating"
      >
        9.7
      </div>
    </div>
  </div>
  <div
    className="movie-card__reviews-col"
  >
    <div
      className="review"
    >
      <blockquote
        className="review__quote"
      >
        <p
          className="review__text"
        >
          This movie is just plain bad. There must be some big payola going round this awards season. Badly written, average acting at best, all the characters are unrelatable and inlikeable. 2 hours of my life wasted.
        </p>
        <footer
          className="review__details"
        >
          <cite
            className="review__author"
          >
            Max
          </cite>
          <time
            className="review__date"
            dateTime="2016-12-24"
          >
            Tue Jun 23 2020
          </time>
        </footer>
      </blockquote>
      <div
        className="review__rating"
      >
        4
      </div>
    </div>
  </div>
</div>
`;
