// Jest Snapshot v1, https://goo.gl/fbAQLP

exports[`Should VideoFullScreen render correctly 1`] = `
<h2>
  Loading...
</h2>
`;
