// Jest Snapshot v1, https://goo.gl/fbAQLP

exports[`Should AddReview render correctly if user NOT logged 1`] = `null`;

exports[`Should AddReview render correctly if user logged 1`] = `null`;
