// Jest Snapshot v1, https://goo.gl/fbAQLP

exports[`Should UserBlock render correctly 1`] = `
<div
  className="user-block"
>
  <div
    className="user-block__avatar"
  >
    <img
      alt="User avatar"
      height="63"
      src="https://htmlacademy-react-3.appspot.com/wtw/static/avatar/5.jpg"
      width="63"
    />
  </div>
</div>
`;
