// Jest Snapshot v1, https://goo.gl/fbAQLP

exports[`withVideoPlayer is rendered correctly 1`] = `
<div>
  <video
    autoPlay={true}
    height="175"
    loop={true}
    muted={true}
    poster="/"
    src=""
    width="280"
  />
</div>
`;
