// Jest Snapshot v1, https://goo.gl/fbAQLP

exports[`Should Genre List render correctly 1`] = `
<ul
  className="catalog__genres-list"
>
  <li
    className="catalog__genres-item catalog__genres-item--active"
  >
    <a
      className="catalog__genres-link"
      href="#"
      onClick={[Function]}
    >
      All Genres
    </a>
  </li>
  <li
    className="catalog__genres-item"
  >
    <a
      className="catalog__genres-link"
      href="#"
      onClick={[Function]}
    >
      Crime
    </a>
  </li>
  <li
    className="catalog__genres-item"
  >
    <a
      className="catalog__genres-link"
      href="#"
      onClick={[Function]}
    >
      Drama
    </a>
  </li>
</ul>
`;
