// Jest Snapshot v1, https://goo.gl/fbAQLP

exports[`Should SignIn render correctly 1`] = `null`;
